 ▼ 🔴 Search                       Mine 1  0/3 done
>    🔴 ABC-1836  Code Review  6d ⚑  Solr pagination breaks on page 11
 ▼ 🟡 Auth                         Mine 1  Waiting 1  4/7 done
     🟡 ABC-1974  In Progress  4d    Fix auth redirect loop
     🟡 ABC-1990  In Progress  3d    Harden session cookie @jane
 ▼ 🟢 Accessibility                Mine 2
     🟢 ABC-2030  In Progress  2d    Announce the result count and active filt..
     🟢 ABC-2011  To Do        1d    Add alt text to search results
 ▶ 🟢 No epic                      Mine 1  Waiting 1
 ▶ Backlog (2 hidden) - b to show
